Loading weights:   0%|          | 0/651 [00:00<?, ?it/s]Loading weights: 100%|██████████| 651/651 [00:00<00:00, 14184.96it/s]
/usr/local/lib/python3.12/dist-packages/transformers/generation/utils.py:1638: UserWarning: Using the model-agnostic default `max_length` (=10920) to control the generation length. We recommend setting `max_new_tokens` to control the maximum length of the generation.
  warnings.warn(
{
  "decode": {
    "audio_samples": 1395712,
    "audio_seconds": 87.232,
    "token_ids": [
      1024,
      1024,
      1024,
      1024,
      1024,
      1024,
      1024,
      1024,
      1024,
      1024,
      1024,
      1024,
      1024,
      1024,
      1024,
      1024,
      1024,
      1024,
      1024,
      1024,
      1024,
      1024,
      1024,
      1024,
      1024,
      1024,
      1024,
      1024,
      1024,
      1024,
      1024,
      1024,
      1024,
      1024,
      1024,
      1024,
      1024,
      1024,
      1024,
      1024,
      1024,
      1024,
      1024,
      1024,
      1024,
      1024,
      1024,
      1024,
      1024,
      1024,
      1024,
      1024,
      1024,
      1024,
      1024,
      1024,
      1024,
      1024,
      1024,
      1024,
      1024,
      1024,
      1024,
      1024,
      1024,
      1024,
      1024,
      1024,
      1024,
      1024,
      1024,
      34,
      134,
      1024,
      1024,
      785,
      140,
      1024,
      2,
      11,
      1024,
      1024,
      75,
      1024,
      41,
      1024,
      1024,
      1024,
      1024,
      1024,
      1024,
      1024,
      1024,
      1024,
      962,
      250,
      11,
      1024,
      1024,
      1024,
      57,
      1024,
      5,
      1024,
      1024,
      1024,
      1024,
      1024,
      1024,
      1024,
      235,
      942,
      1024,
      1024,
      1024,
      912,
      266,
      1024,
      1024,
      41,
      1024,
      102,
      1024,
      35,
      1024,
      1024,
      1024,
      1024,
      1024,
      1024,
      1024,
      1024,
      1024,
      1024,
      1024,
      1024,
      1024,
      1024,
      1024,
      1024,
      1024,
      1024,
      1024,
      1024,
      1024,
      1024,
      1024,
      1024,
      1024,
      1024,
      1024,
      1024,
      1024,
      1024,
      1024,
      1024,
      1024,
      1024,
      1024,
      1024,
      1024,
      1024,
      1024,
      1024,
      1024,
      1024,
      1024,
      1024,
      1024,
      1024,
      1024,
      1024,
      1024,
      1024,
      1024,
      1024,
      1024,
      1024,
      1024,
      1024,
      1024,
      1024,
      1024,
      1024,
      1024,
      1024,
      1024,
      1024,
      1024,
      977,
      34,
      1024,
      134,
      1024,
      1024,
      785,
      140,
      1024,
      1024,
      1024,
      2,
      11,
      1024,
      1024,
      1024,
      1024,
      1024,
      1024,
      1024,
      1024,
      75,
      1024,
      41,
      1024,
      1024,
      1024,
      1024,
      962,
      1024,
      1024,
      250,
      11,
      1024,
      1024,
      1024,
      57,
      1024,
      1024,
      1024,
      1024,
      5,
      1024,
      235,
      942,
      1024,
      1024,
      1024,
      912,
      266,
      1024,
      1024,
      41,
      1024,
      1024,
      102,
      1024,
      35,
      1024,
      1024,
      1024,
      1024,
      1024,
      1024,
      1024,
      1024,
      1024,
      1024,
      1024,
      1024,
      1024,
      1024,
      1024,
      1024,
      1024,
      1024,
      1024,
      1024,
      1024,
      1024,
      1024,
      1024,
      1024,
      1024,
      1024,
      1024,
      1024,
      1024,
      1024,
      1024,
      1024,
      1024,
      1024,
      1024,
      1024,
      1024,
      1024,
      1024,
      1024,
      1024,
      1024,
      1024,
      1024,
      1024,
      1024,
      1024,
      1024,
      1024,
      1024,
      1024,
      1024,
      1024,
      1024,
      1024,
      1024,
      1024,
      1024,
      1024,
      1024,
      1024,
      1024,
      1024,
      1024,
      1024,
      1024,
      1024,
      1024,
      1024,
      1024,
      1024,
      1024,
      1024,
      1024,
      1024,
      1024,
      1024,
      1024,
      1024,
      1024,
      1024,
      1024,
      1024,
      1024,
      1024,
      1024,
      1024,
      1024,
      1024,
      1024,
      1024,
      1024,
      1024,
      1024,
      1024,
      1024,
      1024,
      1024,
      1024,
      1024,
      1024,
      1024,
      1024,
      1024,
      1024,
      1024,
      1024,
      1024,
      1024,
      1024,
      1024,
      1024,
      1024,
      1024,
      1024,
      1024,
      1024,
      1024,
      1024,
      1024,
      1024,
      1024,
      1024,
      1024,
      1024,
      1024,
      1024,
      1024,
      1024,
      1024,
      1024,
      1024,
      1024,
      1024,
      1024,
      1024,
      1024,
      1024,
      1024,
      1024,
      1024,
      1024,
      1024,
      1024,
      1024,
      1024,
      1024,
      1024,
      1024,
      1024,
      1024,
      1024,
      1024,
      1024,
      1024,
      1024,
      1024,
      1024,
      1024,
      1024,
      1024,
      1024,
      1024,
      1024,
      1024,
      1024,
      1024,
      1024,
      1024,
      1024,
      1024,
      1024,
      1024,
      1024,
      1024,
      1024,
      1024,
      1024,
      1024,
      1024,
      1024,
      1024,
      1024,
      1024,
      1024,
      1024,
      1024,
      1024,
      1024,
      1024,
      1024,
      1024,
      1024,
      1024,
      1024,
      1024,
      1024,
      1024,
      1024,
      1024,
      977,
      208,
      1024,
      1024,
      57,
      1024,
      649,
      898,
      76,
      1024,
      1024,
      1024,
      1024,
      1024,
      1024,
      1024,
      1024,
      1024,
      1024,
      1024,
      53,
      115,
      1024,
      1024,
      1024,
      25,
      1024,
      1024,
      1024,
      1024,
      955,
      1024,
      1024,
      1024,
      1024,
      1024,
      1024,
      1024,
      1024,
      1024,
      1024,
      1024,
      1024,
      1024,
      1024,
      1024,
      1024,
      1024,
      1024,
      1024,
      1024,
      1024,
      1024,
      1024,
      1024,
      1024,
      1024,
      1024,
      1024,
      1024,
      1024,
      1024,
      1024,
      1024,
      1024,
      1024,
      1024,
      1024,
      1024,
      1024,
      1024,
      1024,
      1024,
      1024,
      1024,
      1024,
      1024,
      1024,
      1024,
      1024,
      1024,
      1024,
      1024,
      1024,
      1024,
      1024,
      1024,
      1024,
      1024,
      1024,
      1024,
      1024,
      1024,
      1024,
      1024,
      1024,
      1024,
      1024,
      1024,
      1024,
      1024,
      1024,
      1024,
      1024,
      1024,
      1024,
      1024,
      1024,
      1024,
      1024,
      1024,
      1024,
      1024,
      1024,
      1024,
      1024,
      1024,
      1024,
      1024,
      1024,
      1024,
      1024,
      1024,
      1024,
      962,
      208,
      1024,
      1024,
      57,
      1024,
      1024,
      1024,
      1024,
      1024,
      1024,
      1024,
      1024,
      1024,
      1024,
      649,
      898,
      76,
      1024,
      1024,
      53,
      115,
      1024,
      1024,
      1024,
      1024,
      1024,
      1024,
      25,
      1024,
      1024,
      1024,
      1024,
      1024,
      955,
      1024,
      1024,
      1024,
      1024,
      1024,
      1024,
      1024,
      1024,
      1024,
      1024,
      1024,
      1024,
      1024,
      1024,
      1024,
      1024,
      1024,
      1024,
      1024,
      1024,
      1024,
      1024,
      1024,
      1024,
      1024,
      1024,
      1024,
      1024,
      1024,
      1024,
      1024,
      1024,
      1024,
      1024,
      1024,
      1024,
      1024,
      1024,
      1024,
      1024,
      1024,
      1024,
      1024,
      1024,
      1024,
      1024,
      1024,
      1024,
      1024,
      1024,
      1024,
      1024,
      1024,
      1024,
      1024,
      1024,
      1024,
      1024,
      1024,
      1024,
      1024,
      1024,
      1024,
      1024,
      1024,
      1024,
      1024,
      1024,
      1024,
      1024,
      1024,
      1024,
      1024,
      1024,
      1024,
      1024,
      1024,
      1024,
      1024,
      1024,
      1024,
      1024,
      1024,
      1024,
      1024,
      1024,
      1024,
      1024,
      1024,
      1024,
      1024,
      1024,
      1024,
      1024,
      1024,
      1024,
      1024,
      1024,
      1024,
      1024,
      1024,
      1024,
      1024,
      1024,
      1024,
      1024,
      1024,
      1024,
      1024,
      1024,
      1024,
      1024,
      1024,
      1024,
      1024,
      1024,
      1024,
      1024,
      1024,
      1024,
      1024,
      1024,
      1024,
      1024,
      1024,
      1024,
      1024,
      1024,
      1024,
      1024,
      1024,
      1024,
      1024,
      1024,
      1024,
      1024,
      1024,
      1024,
      1024,
      1024,
      1024,
      1024,
      1024,
      1024,
      1024,
      1024,
      1024,
      1024,
      1024,
      1024,
      1024,
      1024,
      1024,
      1024,
      1024,
      1024,
      1024,
      1024,
      1024,
      1024,
      1024,
      1024,
      1024,
      1024,
      1024,
      1024,
      1024,
      1024,
      1024,
      962,
      34,
      1024,
      1024,
      134,
      1024,
      785,
      140,
      1024,
      1024,
      1024,
      2,
      11,
      1024,
      1024,
      1024,
      75,
      1024,
      1024,
      1024,
      1024,
      1024,
      1024,
      41,
      1024,
      962,
      1024,
      1024,
      250,
      11,
      1024,
      1024,
      57,
      1024,
      5,
      1024,
      1024,
      1024,
      1024,
      1024,
      1024,
      1024,
      235,
      942,
      1024,
      1024,
      1024,
      912,
      266,
      1024,
      1024,
      41,
      1024,
      102,
      1024,
      1024,
      35,
      1024,
      1024,
      1024,
      1024,
      1024,
      1024,
      1024,
      1024,
      1024,
      1024,
      1024,
      1024,
      1024,
      1024,
      1024,
      1024,
      1024,
      1024,
      1024,
      1024,
      1024,
      1024,
      1024,
      1024,
      1024,
      1024,
      1024,
      1024,
      1024,
      1024,
      1024,
      1024,
      1024,
      1024,
      1024,
      1024,
      1024,
      1024,
      1024,
      1024,
      1024,
      1024,
      1024,
      1024,
      1024,
      1024,
      1024,
      1024,
      1024,
      1024,
      1024,
      1024,
      1024,
      1024,
      1024,
      1024,
      1024,
      1024,
      1024,
      1024,
      1024,
      1024,
      1024,
      1024,
      1024,
      1024,
      1024,
      1024,
      1024,
      1024,
      1024,
      1024,
      1024,
      1024,
      1024,
      1024,
      977,
      126,
      1024,
      1024,
      36,
      227,
      1024,
      1024,
      667,
      68,
      47,
      1024,
      1024,
      1024,
      1024,
      19,
      84,
      1024,
      1024,
      1024,
      1024,
      1024,
      1024,
      1024,
      332,
      1024,
      344,
      1024,
      94,
      1024,
      1024,
      5,
      1024,
      1024,
      1024,
      1024,
      235,
      942,
      1024,
      1024,
      1024,
      1024,
      1024,
      912,
      266,
      1024,
      1024,
      57,
      1024,
      1024,
      278,
      1024,
      1024,
      1024,
      1024,
      1024,
      1024,
      1024,
      1024,
      1024,
      1024,
      62,
      505,
      44,
      1024,
      945,
      1024,
      119,
      1024,
      1024,
      1024,
      1024,
      1024,
      1024,
      169,
      573,
      1024,
      1024,
      92,
      13,
      1024,
      144,
      1024,
      1024,
      954,
      137,
      1024,
      1024,
      1024,
      1024,
      1024,
      1024,
      1024,
      1024,
      33,
      1024,
      1024,
      1024,
      1024,
      1024,
      1024,
      1024,
      1024,
      1024,
      1024,
      1024,
      1024,
      1024,
      1024,
      1024,
      1024,
      1024,
      1024,
      1024,
      1024,
      1024,
      1024,
      5,
      1024,
      1024,
      1024,
      1024,
      235,
      942,
      1024,
      1024,
      1024,
      1024,
      1024,
      1024,
      1024,
      1024,
      1024,
      912,
      266,
      1024,
      1024,
      57,
      1024,
      278,
      1024,
      1024,
      1024,
      1024,
      62,
      505,
      44,
      1024,
      1024,
      1024,
      1024,
      1024,
      1024,
      945,
      1024,
      119,
      1024,
      1024,
      1024,
      1024,
      1024,
      169,
      573,
      1024,
      1024,
      1024,
      1024,
      92,
      13,
      144,
      1024,
      1024,
      954,
      137,
      1024,
      1024,
      1024,
      1024,
      1024,
      603,
      1024,
      1024,
      146,
      1024,
      536,
      1024,
      1024,
      1024,
      1024,
      1024,
      1024,
      1024,
      1024,
      1024,
      1024,
      1024,
      1024,
      1024,
      1024,
      1024,
      1024,
      1024,
      1024,
      1024,
      1024,
      1024,
      1024,
      1024,
      1024,
      1024,
      1024,
      1024,
      1024,
      1024,
      1024,
      1024,
      1024,
      1024,
      1024,
      1024,
      1024,
      1024,
      1024,
      1024,
      1024,
      1024,
      1024,
      1024,
      1024,
      1024,
      1024,
      1024,
      1024,
      1024,
      1024,
      1024,
      1024,
      1024,
      1024,
      1024,
      1024,
      1024,
      1024,
      1024,
      1024,
      1024,
      1024,
      1024,
      1024,
      1024,
      1024,
      1024,
      1024,
      1024,
      1024,
      1024,
      1024,
      1024,
      1024,
      1024,
      1024,
      1024,
      1024,
      1024,
      1024,
      962,
      126,
      1024,
      235,
      942,
      1024,
      1024,
      1024,
      1024,
      912,
      266,
      1024,
      1024,
      57,
      1024,
      278,
      1024,
      1024,
      1024,
      1024,
      1024,
      62,
      505,
      44,
      1024,
      1024,
      1024,
      945,
      1024,
      1024,
      1024,
      119,
      1024,
      1024,
      1024,
      1024,
      1024,
      1024,
      1024,
      1024,
      1024,
      181,
      200,
      1024,
      1024,
      301,
      13,
      1024,
      144,
      1024,
      954,
      137,
      1024,
      1024,
      1024,
      603,
      146,
      1024,
      1024,
      1024,
      536,
      1024,
      1024,
      1024,
      1024,
      1024,
      1024,
      1024,
      1024,
      1024,
      1024,
      1024,
      1024,
      1024,
      1024,
      1024,
      1024,
      1024
    ],
    "transcript": "I can check that for you. What is the time zone you are in? I can check that for you. What is the time zone you are in? It is currently eight pm. It is currently eight pm. I can check that for you. What is the time zone you are in? The last function call result was the time zone is now America or loss underscore and the time zone is now America or loss underscore Angeles. The time zone is now America or Los Underscore Angeles"
  },
  "hypothesis": "I can check that for you. What is the time zone you are in? I can check that for you. What is the time zone you are in? It is currently eight pm. It is currently eight pm. I can check that for you. What is the time zone you are in? The last function call result was the time zone is now America or loss underscore and the time zone is now America or loss underscore Angeles. The time zone is now America or Los Underscore Angeles",
  "max_word_error_rate": 0.35,
  "passed": true,
  "provenance": {
    "backend": "transformers_offline_rnnt",
    "backend_path": "/opt/voicechat-asr/nemotron_voicechat_asr_evaluator/backend.py",
    "backend_sha256": "53b5142165fa8bfb1bff5685847157b7b37202d699e636de510ede8942f7d21a",
    "cublas_workspace_config": ":4096:8",
    "cuda_matmul_tf32": false,
    "cuda_version": "13.1",
    "cudnn_tf32": false,
    "decoder": {
      "attention_implementation": "sdpa",
      "num_lookahead_tokens": 13,
      "stopping": "encoder_exhaustion",
      "strategy": "greedy",
      "streaming": false
    },
    "deterministic_algorithms": true,
    "device": "cuda:0",
    "device_name": "NVIDIA GB10",
    "dtype": "float32",
    "evaluator_image_id": "sha256:5985421433c37aa558f0938bd11e8714b1bbf9a74b0ebf6a6226696582de482d",
    "float32_matmul_precision": "highest",
    "hf_revision": "ebe59e5a817142986528bbbee5dba8db7b38ed50",
    "language": "en-US",
    "language_conditioning": "checkpoint_fixed_english",
    "machine": "aarch64",
    "manifest_sha256": "047dc8050e259f8299323f0e57f050b6142d66c27364d6a434ce4fbb96a0395e",
    "model_id": "nvidia/nemotron-speech-streaming-en-0.6b",
    "network_required": false,
    "python_version": "3.12.3",
    "safetensors_version": "0.8.0",
    "sampling_rate": 16000,
    "snapshot_files": {
      "config.json": {
        "bytes": 1284,
        "sha256": "dffe850bc79ad2b0f8117804502b24d2c4a445aafbed4c1e40f8d78e0cb44065"
      },
      "generation_config.json": {
        "bytes": 192,
        "sha256": "6ce531b39df8046cc8dbbe29dc64458b72972011d4717e160e6efb2c1af198d1"
      },
      "model.safetensors": {
        "bytes": 2472413604,
        "sha256": "bddd8a7300826efd19cf7e01f1c7db8402bed6786fc4c7739632894f69c71473"
      },
      "processor_config.json": {
        "bytes": 525,
        "sha256": "cf35efc9abdd0963db7e96967f8a91d9c8243803b9f6bbd900aa936ee3ce42f3"
      },
      "tokenizer.json": {
        "bytes": 400216,
        "sha256": "60dc0361763fa3cd62df60f34fca3e61134676a939967853931db5f3869b2db2"
      },
      "tokenizer_config.json": {
        "bytes": 270,
        "sha256": "0665bee664daf39a155e5ee013bb1d885c58b4901994abc07b9a6b3904cce132"
      }
    },
    "snapshot_sha256": "cc5619455db64d897f460f874f99bc0b931f29b18830e2081a0369cc108c9a33",
    "tokenizers_version": "0.22.2",
    "torch_version": "2.10.0a0+b4e4ee81d3.nv25.12",
    "transformers_version": "5.14.1",
    "trust_remote_code": false
  },
  "reference": "I can check that for you. what is the time zone you are in? I can check that for you. what is the time zone you are in? It is currently eight PM It is currently eight PM I can check that for you. what is the time zone you are in? The last function call result was The time zone is now America or Los underscore Angeles. The time zone is now America or Los underscore Angeles. It is currently eight PM Okay, paused. The time zone is now America or Los underscore Angeles.",
  "schema": "nemotron_voicechat.session_replay_asr.v1",
  "word_error_rate": 0.1053
}
